候補地点DB: 761件を読み込み(うち地形地平線データあり: 8件)

[第1段階: 月フィルタ] 直近14夜を評価 -> 月の影響が小さい時間帯が長い順に上位6夜を候補日とする
    2026-09-12  無月時間帯 17:55-05:25(翌)  (11.5時間)
    2026-09-13  無月時間帯 17:53-05:23(翌)  (11.5時間)
    2026-09-09  無月時間帯 17:59-05:14(翌)  (11.2時間)
    2026-09-10  無月時間帯 17:57-05:12(翌)  (11.2時間)
    2026-09-11  無月時間帯 17:56-05:11(翌)  (11.2時間)
    2026-09-14  無月時間帯 19:22-05:22(翌)  (10.0時間)

[リードタイム判定] 候補6夜のうち、MSM精密予報圏内(起点から約75時間以内)は 0夜、それ以降のECMWF見込み圏内は 6夜

==============================================================================
探索モード レポート: 直近0日分は精密予報、それ以降6日分は天文条件による見込み、の2部構成
==============================================================================

[精密予報パート] 該当する候補夜がありません(現時点では候補日が全てMSM予報期間の外)。

[見込み(ECMWF圏内)] 候補日6日 × 候補地点761件のうち、月・地形・光害の決定論的条件を満たすのは 1872件(雲量は足切りに使わず、晴天率として参考表示のみ)

------------------------------------------------------------------------------
見込み一覧(対象: 天の川銀河中心、月・地形・光害による決定論的スコア順、上位20件)
------------------------------------------------------------------------------

[1位] スコア 144.9
  日付      : 2026-09-12
  地点      : 石廊崎（南伊豆町）
  天の川銀河中心の見頃: 17:55 〜 22:40（地形地平線-0.2°を26.6°上回る）
  実効的な空の明るさ: 21.72 mag/arcsec^2 (光害LPI 0.29、月の影響込み)
  → 晴れれば 17:55〜22:40 にチャンスがあります。(参考: この時間帯の晴天率 約0%)

[2位] スコア 144.9
  日付      : 2026-09-12
  地点      : 石廊崎（南伊豆町）
  天の川銀河中心の見頃: 17:55 〜 22:40（地形地平線-0.2°を26.6°上回る）
  実効的な空の明るさ: 21.72 mag/arcsec^2 (光害LPI 0.29、月の影響込み)
  → 晴れれば 17:55〜22:40 にチャンスがあります。(参考: この時間帯の晴天率 約0%)

[3位] スコア 144.9
  日付      : 2026-09-13
  地点      : 石廊崎（南伊豆町）
  天の川銀河中心の見頃: 17:53 〜 22:38（地形地平線-0.2°を26.6°上回る）
  実効的な空の明るさ: 21.70 mag/arcsec^2 (光害LPI 0.29、月の影響込み)
  → 晴れれば 17:53〜22:38 にチャンスがあります。(参考: この時間帯の晴天率 約33%)

[4位] スコア 144.9
  日付      : 2026-09-13
  地点      : 石廊崎（南伊豆町）
  天の川銀河中心の見頃: 17:53 〜 22:38（地形地平線-0.2°を26.6°上回る）
  実効的な空の明るさ: 21.70 mag/arcsec^2 (光害LPI 0.29、月の影響込み)
  → 晴れれば 17:53〜22:38 にチャンスがあります。(参考: この時間帯の晴天率 約33%)

[5位] スコア 144.9
  日付      : 2026-09-12
  地点      : あいあい岬（南伊豆町）
  天の川銀河中心の見頃: 17:55 〜 05:25（地形データなし(未評価)）
  実効的な空の明るさ: 21.72 mag/arcsec^2 (光害LPI 0.28、月の影響込み)
  → 晴れれば 17:55〜05:25 にチャンスがあります。(参考: この時間帯の晴天率 約0%)

[6位] スコア 144.9
  日付      : 2026-09-13
  地点      : あいあい岬（南伊豆町）
  天の川銀河中心の見頃: 17:53 〜 05:23（地形データなし(未評価)）
  実効的な空の明るさ: 21.70 mag/arcsec^2 (光害LPI 0.28、月の影響込み)
  → 晴れれば 17:53〜05:23 にチャンスがあります。(参考: この時間帯の晴天率 約46%)

[7位] スコア 144.2
  日付      : 2026-09-12
  地点      : 平滑ノ滝展望台（檜枝岐村）
  天の川銀河中心の見頃: 17:55 〜 05:25（地形データなし(未評価)）
  実効的な空の明るさ: 21.76 mag/arcsec^2 (光害LPI 0.23、月の影響込み)
  → 晴れれば 17:55〜05:25 にチャンスがあります。(参考: この時間帯の晴天率 約0%)

[8位] スコア 144.2
  日付      : 2026-09-11
  地点      : 石廊崎（南伊豆町）
  天の川銀河中心の見頃: 17:56 〜 22:41（地形地平線-0.2°を26.6°上回る）
  実効的な空の明るさ: 21.73 mag/arcsec^2 (光害LPI 0.29、月の影響込み)
  → 晴れれば 17:56〜22:41 にチャンスがあります。(参考: この時間帯の晴天率 約0%)

[9位] スコア 144.2
  日付      : 2026-09-10
  地点      : 石廊崎（南伊豆町）
  天の川銀河中心の見頃: 17:57 〜 22:57（地形地平線-0.2°を26.6°上回る）
  実効的な空の明るさ: 21.73 mag/arcsec^2 (光害LPI 0.29、月の影響込み)
  → 晴れれば 17:57〜22:57 にチャンスがあります。(参考: この時間帯の晴天率 約0%)

[10位] スコア 144.2
  日付      : 2026-09-11
  地点      : 石廊崎（南伊豆町）
  天の川銀河中心の見頃: 17:56 〜 22:41（地形地平線-0.2°を26.6°上回る）
  実効的な空の明るさ: 21.73 mag/arcsec^2 (光害LPI 0.29、月の影響込み)
  → 晴れれば 17:56〜22:41 にチャンスがあります。(参考: この時間帯の晴天率 約0%)

[11位] スコア 144.2
  日付      : 2026-09-10
  地点      : 石廊崎（南伊豆町）
  天の川銀河中心の見頃: 17:57 〜 22:57（地形地平線-0.2°を26.6°上回る）
  実効的な空の明るさ: 21.73 mag/arcsec^2 (光害LPI 0.29、月の影響込み)
  → 晴れれば 17:57〜22:57 にチャンスがあります。(参考: この時間帯の晴天率 約0%)

[12位] スコア 144.2
  日付      : 2026-09-12
  地点      : 三条ノ滝展望台（檜枝岐村）
  天の川銀河中心の見頃: 17:55 〜 05:25（地形データなし(未評価)）
  実効的な空の明るさ: 21.76 mag/arcsec^2 (光害LPI 0.23、月の影響込み)
  → 晴れれば 17:55〜05:25 にチャンスがあります。(参考: この時間帯の晴天率 約0%)

[13位] スコア 144.2
  日付      : 2026-09-09
  地点      : 石廊崎（南伊豆町）
  天の川銀河中心の見頃: 17:59 〜 22:59（地形地平線-0.2°を26.6°上回る）
  実効的な空の明るさ: 21.73 mag/arcsec^2 (光害LPI 0.29、月の影響込み)
  → 晴れれば 17:59〜22:59 にチャンスがあります。(参考: この時間帯の晴天率 約50%)

[14位] スコア 144.2
  日付      : 2026-09-09
  地点      : 石廊崎（南伊豆町）
  天の川銀河中心の見頃: 17:59 〜 22:59（地形地平線-0.2°を26.6°上回る）
  実効的な空の明るさ: 21.73 mag/arcsec^2 (光害LPI 0.29、月の影響込み)
  → 晴れれば 17:59〜22:59 にチャンスがあります。(参考: この時間帯の晴天率 約50%)

[15位] スコア 144.2
  日付      : 2026-09-13
  地点      : 平滑ノ滝展望台（檜枝岐村）
  天の川銀河中心の見頃: 17:53 〜 05:23（地形データなし(未評価)）
  実効的な空の明るさ: 21.74 mag/arcsec^2 (光害LPI 0.23、月の影響込み)
  → 晴れれば 17:53〜05:23 にチャンスがあります。(参考: この時間帯の晴天率 約15%)

[16位] スコア 144.2
  日付      : 2026-09-13
  地点      : 三条ノ滝展望台（檜枝岐村）
  天の川銀河中心の見頃: 17:53 〜 05:23（地形データなし(未評価)）
  実効的な空の明るさ: 21.74 mag/arcsec^2 (光害LPI 0.23、月の影響込み)
  → 晴れれば 17:53〜05:23 にチャンスがあります。(参考: この時間帯の晴天率 約15%)

[17位] スコア 144.1
  日付      : 2026-09-11
  地点      : あいあい岬（南伊豆町）
  天の川銀河中心の見頃: 17:56 〜 05:11（地形データなし(未評価)）
  実効的な空の明るさ: 21.73 mag/arcsec^2 (光害LPI 0.28、月の影響込み)
  → 晴れれば 17:56〜05:11 にチャンスがあります。(参考: この時間帯の晴天率 約0%)

[18位] スコア 144.1
  日付      : 2026-09-10
  地点      : あいあい岬（南伊豆町）
  天の川銀河中心の見頃: 17:57 〜 05:12（地形データなし(未評価)）
  実効的な空の明るさ: 21.73 mag/arcsec^2 (光害LPI 0.28、月の影響込み)
  → 晴れれば 17:57〜05:12 にチャンスがあります。(参考: この時間帯の晴天率 約0%)

[19位] スコア 144.1
  日付      : 2026-09-09
  地点      : あいあい岬（南伊豆町）
  天の川銀河中心の見頃: 17:59 〜 05:14（地形データなし(未評価)）
  実効的な空の明るさ: 21.73 mag/arcsec^2 (光害LPI 0.28、月の影響込み)
  → 晴れれば 17:59〜05:14 にチャンスがあります。(参考: この時間帯の晴天率 約23%)

[20位] スコア 144.1
  日付      : 2026-09-12
  地点      : 展望広場（南伊豆町）
  天の川銀河中心の見頃: 17:55 〜 05:25（地形データなし(未評価)）
  実効的な空の明るさ: 21.66 mag/arcsec^2 (光害LPI 0.35、月の影響込み)
  → 晴れれば 17:55〜05:25 にチャンスがあります。(参考: この時間帯の晴天率 約0%)

==============================================================================
実行時間: 全体 14.8分(うち雲量取得 0.0分)
格子セルキャッシュ最終統計: API呼び出し249回 / キャッシュヒット3507回
