候補地点DB: 761件を読み込み(うち地形地平線データあり: 8件)

[第1段階: 月フィルタ] 直近14夜を評価 -> 月の影響が小さい時間帯が長い順に上位6夜を候補日とする
    2026-09-12  無月時間帯 17:55-05:25(翌)  (11.5時間)
    2026-09-13  無月時間帯 17:53-05:23(翌)  (11.5時間)
    2026-09-09  無月時間帯 17:59-05:14(翌)  (11.2時間)
    2026-09-10  無月時間帯 17:57-05:12(翌)  (11.2時間)
    2026-09-11  無月時間帯 17:56-05:11(翌)  (11.2時間)
    2026-09-14  無月時間帯 19:22-05:22(翌)  (10.0時間)
    ...2026-09-12 200/761地点処理済み (API呼び出し186回, キャッシュヒット214回)
    ...2026-09-12 400/761地点処理済み (API呼び出し321回, キャッシュヒット479回)
    ...2026-09-12 600/761地点処理済み (API呼び出し423回, キャッシュヒット777回)
    ...2026-09-13 200/761地点処理済み (API呼び出し476回, キャッシュヒット1446回)
    ...2026-09-13 400/761地点処理済み (API呼び出し476回, キャッシュヒット1846回)
    ...2026-09-13 600/761地点処理済み (API呼び出し476回, キャッシュヒット2246回)
    ...2026-09-09 200/761地点処理済み (API呼び出し476回, キャッシュヒット2968回)
    ...2026-09-09 400/761地点処理済み (API呼び出し476回, キャッシュヒット3368回)
    ...2026-09-09 600/761地点処理済み (API呼び出し476回, キャッシュヒット3768回)
    ...2026-09-10 200/761地点処理済み (API呼び出し476回, キャッシュヒット4490回)
    ...2026-09-10 400/761地点処理済み (API呼び出し476回, キャッシュヒット4890回)
    ...2026-09-10 600/761地点処理済み (API呼び出し476回, キャッシュヒット5290回)
    ...2026-09-11 200/761地点処理済み (API呼び出し476回, キャッシュヒット6012回)
    ...2026-09-11 400/761地点処理済み (API呼び出し476回, キャッシュヒット6412回)
    ...2026-09-11 600/761地点処理済み (API呼び出し476回, キャッシュヒット6812回)
    ...2026-09-14 200/761地点処理済み (API呼び出し476回, キャッシュヒット7534回)
    ...2026-09-14 400/761地点処理済み (API呼び出し476回, キャッシュヒット7934回)
    ...2026-09-14 600/761地点処理済み (API呼び出し476回, キャッシュヒット8334回)

[第2段階: 雲フィルタ] 候補日6日 × 候補地点761件 = 4566組み合わせのうち、視界遮蔽雲量30%以下は 147組
    (格子セルキャッシュ: API呼び出し476回 / キャッシュヒット8656回)

[第3段階: 方角フィルタ] 147組のうち、「天の川銀河中心が地形地平線を上回り(地形データ有りの場合)、かつLPI<=3.0」を満たすのは 84件
    うち地形データなし(viewpoint由来、地形チェック未実施・暫定通過): 132件

==============================================================================
探索モード 最終候補一覧(対象: 天の川銀河中心、スコア順、上位20件)
==============================================================================

[1位] スコア 141.4
  日付      : 2026-09-13
  地点      : Scenic Area（野沢温泉村）
  推奨時間帯 : 17:53 〜 05:23（狙い目 18:08 頃、月の影響小 11.5時間）
  天の川銀河中心: 方位角181° / 高度24.1°(地形データなし(未評価))
  条件要約  : 視界遮蔽雲量 平均1% / 光害LPI 0.46

[2位] スコア 135.9
  日付      : 2026-09-12
  地点      : 富士山頂（富士宮市）
  推奨時間帯 : 17:55 〜 05:25（狙い目 18:10 頃、月の影響小 11.5時間）
  天の川銀河中心: 方位角181° / 高度25.6°(地形地平線 -4.5°を30.1°上回る)
  条件要約  : 視界遮蔽雲量 平均1% / 光害LPI 1.27

[3位] スコア 135.9
  日付      : 2026-09-13
  地点      : 富士山頂（富士宮市）
  推奨時間帯 : 17:53 〜 05:23（狙い目 18:08 頃、月の影響小 11.5時間）
  天の川銀河中心: 方位角181° / 高度25.6°(地形地平線 -4.5°を30.1°上回る)
  条件要約  : 視界遮蔽雲量 平均1% / 光害LPI 1.27

[4位] スコア 133.7
  日付      : 2026-09-13
  地点      : 野尻湖テラス（信濃町）
  推奨時間帯 : 17:53 〜 05:23（狙い目 18:08 頃、月の影響小 11.5時間）
  天の川銀河中心: 方位角181° / 高度24.1°(地形データなし(未評価))
  条件要約  : 視界遮蔽雲量 平均3% / 光害LPI 1.04

[5位] スコア 133.6
  日付      : 2026-09-12
  地点      : 山頂（富士宮市）
  推奨時間帯 : 17:55 〜 05:25（狙い目 18:10 頃、月の影響小 11.5時間）
  天の川銀河中心: 方位角181° / 高度25.6°(地形データなし(未評価))
  条件要約  : 視界遮蔽雲量 平均1% / 光害LPI 1.27

[6位] スコア 133.6
  日付      : 2026-09-13
  地点      : 山頂（富士宮市）
  推奨時間帯 : 17:53 〜 05:23（狙い目 18:08 頃、月の影響小 11.5時間）
  天の川銀河中心: 方位角181° / 高度25.6°(地形データなし(未評価))
  条件要約  : 視界遮蔽雲量 平均1% / 光害LPI 1.27

[7位] スコア 133.5
  日付      : 2026-09-13
  地点      : 大望峠展望台（長野市）
  推奨時間帯 : 17:53 〜 05:23（狙い目 18:08 頃、月の影響小 11.5時間）
  天の川銀河中心: 方位角181° / 高度24.3°(地形データなし(未評価))
  条件要約  : 視界遮蔽雲量 平均8% / 光害LPI 0.53

[8位] スコア 132.3
  日付      : 2026-09-10
  地点      : 草津白根山火口展望台（草津町）
  推奨時間帯 : 17:57 〜 05:12（狙い目 18:12 頃、月の影響小 11.2時間）
  天の川銀河中心: 方位角179° / 高度24.3°(地形データなし(未評価))
  条件要約  : 視界遮蔽雲量 平均7% / 光害LPI 0.64

[9位] スコア 131.1
  日付      : 2026-09-13
  地点      : 湯ノ峰夕陽天望苑（長野市）
  推奨時間帯 : 17:53 〜 05:23（狙い目 18:08 頃、月の影響小 11.5時間）
  天の川銀河中心: 方位角181° / 高度24.2°(地形データなし(未評価))
  条件要約  : 視界遮蔽雲量 平均8% / 光害LPI 0.77

[10位] スコア 130.2
  日付      : 2026-09-14
  地点      : 富士山頂（富士宮市）
  推奨時間帯 : 19:22 〜 05:22（狙い目 19:22 頃、月の影響小 10.0時間）
  天の川銀河中心: 方位角200° / 高度22.7°(地形地平線 -4.5°を27.2°上回る)
  条件要約  : 視界遮蔽雲量 平均1% / 光害LPI 1.27

[11位] スコア 129.2
  日付      : 2026-09-11
  地点      : 富士山頂（富士宮市）
  推奨時間帯 : 17:56 〜 05:11（狙い目 18:11 頃、月の影響小 11.2時間）
  天の川銀河中心: 方位角180° / 高度25.6°(地形地平線 -4.5°を30.1°上回る)
  条件要約  : 視界遮蔽雲量 平均7% / 光害LPI 1.27

[12位] スコア 129.0
  日付      : 2026-09-12
  地点      : 砂払い五合目「下り」（小山町）
  推奨時間帯 : 17:55 〜 05:25（狙い目 18:10 頃、月の影響小 11.5時間）
  天の川銀河中心: 方位角181° / 高度25.6°(地形データなし(未評価))
  条件要約  : 視界遮蔽雲量 平均4% / 光害LPI 1.43

[13位] スコア 128.7
  日付      : 2026-09-13
  地点      : 砂払い五合目「下り」（小山町）
  推奨時間帯 : 17:53 〜 05:23（狙い目 18:08 頃、月の影響小 11.5時間）
  天の川銀河中心: 方位角181° / 高度25.6°(地形データなし(未評価))
  条件要約  : 視界遮蔽雲量 平均4% / 光害LPI 1.43

[14位] スコア 128.5
  日付      : 2026-09-14
  地点      : 休場展望台（大子町）
  推奨時間帯 : 19:22 〜 05:22（狙い目 19:22 頃、月の影響小 10.0時間）
  天の川銀河中心: 方位角201° / 高度21.0°(地形データなし(未評価))
  条件要約  : 視界遮蔽雲量 平均4% / 光害LPI 0.83

[15位] スコア 128.5
  日付      : 2026-09-14
  地点      : 竜神大吊り橋（常陸太田市）
  推奨時間帯 : 19:22 〜 05:22（狙い目 19:22 頃、月の影響小 10.0時間）
  天の川銀河中心: 方位角201° / 高度21.0°(地形データなし(未評価))
  条件要約  : 視界遮蔽雲量 平均4% / 光害LPI 0.83

[16位] スコア 127.9
  日付      : 2026-09-14
  地点      : 山頂（富士宮市）
  推奨時間帯 : 19:22 〜 05:22（狙い目 19:22 頃、月の影響小 10.0時間）
  天の川銀河中心: 方位角200° / 高度22.7°(地形データなし(未評価))
  条件要約  : 視界遮蔽雲量 平均1% / 光害LPI 1.27

[17位] スコア 127.9
  日付      : 2026-09-14
  地点      : 草津白根山火口展望台（草津町）
  推奨時間帯 : 19:22 〜 05:22（狙い目 19:22 頃、月の影響小 10.0時間）
  天の川銀河中心: 方位角199° / 高度21.5°(地形データなし(未評価))
  条件要約  : 視界遮蔽雲量 平均6% / 光害LPI 0.64

[18位] スコア 127.4
  日付      : 2026-09-13
  地点      : 弁天さんのしだれ桜（須坂市）
  推奨時間帯 : 17:53 〜 05:23（狙い目 18:08 頃、月の影響小 11.5時間）
  天の川銀河中心: 方位角181° / 高度24.3°(地形データなし(未評価))
  条件要約  : 視界遮蔽雲量 平均3% / 光害LPI 1.67

[19位] スコア 127.2
  日付      : 2026-09-14
  地点      : 第1観瀑台（大子町）
  推奨時間帯 : 19:22 〜 05:22（狙い目 19:22 頃、月の影響小 10.0時間）
  天の川銀河中心: 方位角201° / 高度20.9°(地形データなし(未評価))
  条件要約  : 視界遮蔽雲量 平均4% / 光害LPI 0.96

[20位] スコア 127.2
  日付      : 2026-09-14
  地点      : 第2観瀑台（大子町）
  推奨時間帯 : 19:22 〜 05:22（狙い目 19:22 頃、月の影響小 10.0時間）
  天の川銀河中心: 方位角201° / 高度20.9°(地形データなし(未評価))
  条件要約  : 視界遮蔽雲量 平均4% / 光害LPI 0.96

==============================================================================
実行時間: 全体 9.8分(うち第2段階の雲取得 9.5分)
格子セルキャッシュ最終統計: API呼び出し476回 / キャッシュヒット8656回
