修正対象: 62件
  [1/62] 銀河もみじキャンプ場                   -> 長野県
  [2/62] 浪合パーク                        -> 長野県
  [3/62] 王ヶ頭                          -> 長野県
  [4/62] 霧ヶ峰高原（富士見台）                  -> 長野県
  [5/62] 野辺山宇宙電波観測所                   -> 長野県
  [6/62] 八ヶ岳ふれあい公園                    -> 長野県
  [7/62] 千畳敷カール                       -> 長野県
  [8/62] 栂池自然園                        -> 長野県
  [9/62] 八方池                          -> 長野県
  [10/62] 上高地（河童橋）                     -> 長野県
  [11/62] 開田高原                         -> 長野県
  [12/62] 高ボッチ高原                       -> 長野県
  [13/62] 陣馬形山キャンプ場                    -> 長野県
  [14/62] 志賀高原（渋峠）                     -> 群馬県
  [15/62] 日光白根山ロープウェイ山頂駅               -> 栃木県
  [16/62] 八方ヶ原（大間々駐車場）                 -> 栃木県
  [17/62] 那須高原（駒止の滝展望台）                -> 栃木県
  [18/62] 県立ぐんま天文台                     -> 群馬県
  [19/62] 吹割の滝駐車場                      -> 群馬県
  [20/62] 榛名山（榛名湖畔）                    -> 群馬県
  [21/62] みかわ（道の駅おおた周辺）                -> 群馬県
  [22/62] 秩父・美の山公園                     -> 埼玉県
  [23/62] 三峰神社周辺                       -> 埼玉県
  [24/62] 城峰公園                         -> 埼玉県
  [25/62] 奥多摩周遊道路（月夜見第一駐車場）            -> 取得失敗
  [26/62] 檜原都民の森                       -> 取得失敗
  [27/62] 城ヶ島（馬の背洞門）                   -> 神奈川県
  [28/62] 長井海手公園 ソレイユの丘                -> 神奈川県
  [29/62] 東浪見海岸（鳥居周辺）                  -> 千葉県
  [30/62] 鋸南ほしふるキャンプ場                  -> 千葉県
  [31/62] 九十九里浜（片貝海岸）                  -> 千葉県
  [32/62] 富士山五合目（富士スバルライン）             -> 静岡県
  [33/62] 新屋山神社 奥宮周辺                   -> 山梨県
  [34/62] 西湖（根場浜）                      -> 山梨県
  [35/62] 乙女峠                          -> 静岡県
  [36/62] 大菩薩峠                         -> 山梨県
  [37/62] 笹ヶ峰高原                        -> 新潟県
  [38/62] 妙高高原（イモリ池）                   -> 新潟県
  [39/62] 枝折峠                          -> 新潟県
  [40/62] 美人林                          -> 新潟県
  [41/62] 福島潟                          -> 新潟県
  [42/62] 津南町・マウンテンパーク津南               -> 新潟県
  [43/62] 佐渡島・白木峰展望台                   -> 新潟県
  [44/62] 奥只見ダム                        -> 新潟県
  [45/62] 水窪ダム                         -> 静岡県
  [46/62] 細江奥山高原                       -> 静岡県
  [47/62] 西伊豆スカイライン（仁科峠）               -> 静岡県
  [48/62] 富士山吉原（雲海スポット）                -> 静岡県
  [49/62] 段戸裏谷原生林 きららの森                -> 愛知県
  [50/62] つくで高原                        -> 愛知県
  [51/62] 佐久島                          -> 愛知県
  [52/62] 面ノ木園地                        -> 長野県
  [53/62] 恵那山ウェルネスキャンプ場                -> 岐阜県
  [54/62] 伊吹山ドライブウェイ（山頂駐車場）            -> 滋賀県
  [55/62] 池田山（展望台）                     -> 岐阜県
  [56/62] 乗鞍岳スカイライン（平湯峠）               -> 岐阜県
  [57/62] 数河高原                         -> 岐阜県
  [58/62] 能登半島・白米千枚田                   -> 石川県
  [59/62] 能登・ヤセの断崖                     -> 石川県
  [60/62] 獅子吼高原                        -> 石川県
  [61/62] 有峰湖                          -> 富山県
  [62/62] 黒部峡谷（欅平）                     -> 富山県
完了。
