追加対象: 62件(全100件中、スキップ38件)
  [1/62] 銀河もみじキャンプ場                   -> ? 阿智村 標高1249m LPI=0.54 -> dark_sky
  [2/62] 浪合パーク                        -> ? 阿智村 標高1274m LPI=0.56 -> dark_sky
  [3/62] 王ヶ頭                          -> ? 松本市 標高1404m LPI=1.06 -> dark_sky
  [4/62] 霧ヶ峰高原（富士見台）                  -> ? 諏訪市 標高1644m LPI=1.00 -> dark_sky
  [5/62] 野辺山宇宙電波観測所                   -> ? 南牧村 標高1343m LPI=0.85 -> dark_sky
  [6/62] 八ヶ岳ふれあい公園                    -> ? 南牧村 標高1338m LPI=0.90 -> dark_sky
  [7/62] 千畳敷カール                       -> ? 駒ヶ根市 標高2666m LPI=0.44 -> dark_sky
  [8/62] 栂池自然園                        -> ? 小谷村 標高1285m LPI=0.48 -> dark_sky
  [9/62] 八方池                          -> ? 白馬村 標高1493m LPI=0.60 -> dark_sky
  [10/62] 上高地（河童橋）                     -> ? 松本市 標高1506m LPI=0.32 -> dark_sky
  [11/62] 開田高原                         -> ? 木曽町 標高1102m LPI=0.39 -> dark_sky
  [12/62] 高ボッチ高原                       -> ? 塩尻市 標高1591m LPI=1.54 -> dark_sky
  [13/62] 陣馬形山キャンプ場                    -> ? 飯島町 標高793m LPI=0.85 -> dark_sky
  [14/62] 志賀高原（渋峠）                     -> ? 中之条町 標高2050m LPI=0.59 -> dark_sky
  [15/62] 日光白根山ロープウェイ山頂駅               -> ? 日光市 標高2134m LPI=0.42 -> dark_sky
  [16/62] 八方ヶ原（大間々駐車場）                 -> ? 那須塩原市 標高1058m LPI=0.69 -> dark_sky
  [17/62] 那須高原（駒止の滝展望台）                -> ? 那須町 標高1756m LPI=0.52 -> dark_sky
  [18/62] 県立ぐんま天文台                     -> ? 高山村 標高933m LPI=1.19 -> dark_sky
  [19/62] 吹割の滝駐車場                      -> ? 沼田市 標高621m LPI=0.72 -> dark_sky
  [20/62] 榛名山（榛名湖畔）                    -> ? 高崎市 標高1101m LPI=1.29 -> dark_sky
  [21/62] みかわ（道の駅おおた周辺）                -> ? 太田市 標高41m LPI=9.98 -> night_view
  [22/62] 秩父・美の山公園                     -> ? 秩父市 標高190m LPI=3.40 -> dark_sky
  [23/62] 三峰神社周辺                       -> ? 秩父市 標高878m LPI=1.22 -> dark_sky
  [24/62] 城峰公園                         -> ? 皆野町 標高412m LPI=2.39 -> dark_sky
  [25/62] 奥多摩周遊道路（月夜見第一駐車場）            -> ? 東京都 標高974m LPI=1.85 -> dark_sky
  [26/62] 檜原都民の森                       -> ? 東京都 標高1270m LPI=1.77 -> dark_sky
  [27/62] 城ヶ島（馬の背洞門）                   -> ? 三浦市 標高19m LPI=3.20 -> dark_sky
  [28/62] 長井海手公園 ソレイユの丘                -> ? 三浦市 標高9m LPI=6.62 -> night_view
  [29/62] 東浪見海岸（鳥居周辺）                  -> ? 一宮町 標高5m LPI=3.08 -> dark_sky
  [30/62] 鋸南ほしふるキャンプ場                  -> ? 鋸南町 標高110m LPI=2.63 -> dark_sky
  [31/62] 九十九里浜（片貝海岸）                  -> ? 九十九里町 標高1m LPI=3.14 -> dark_sky
  [32/62] 富士山五合目（富士スバルライン）             -> ? 富士宮市 標高3655m LPI=1.27 -> dark_sky
  [33/62] 新屋山神社 奥宮周辺                   -> ? 山中湖村 標高1061m LPI=2.63 -> dark_sky
  [34/62] 西湖（根場浜）                      -> ? 富士河口湖町 標高936m LPI=1.58 -> dark_sky
  [35/62] 乙女峠                          -> ? 御殿場市 標高933m LPI=4.06 -> dark_sky
  [36/62] 大菩薩峠                         -> ? 甲州市 標高2015m LPI=1.12 -> dark_sky
  [37/62] 笹ヶ峰高原                        -> ? 妙高市 標高1309m LPI=0.38 -> dark_sky
  [38/62] 妙高高原（イモリ池）                   -> ? 妙高市 標高873m LPI=0.85 -> dark_sky
  [39/62] 枝折峠                          -> ? 魚沼市 標高417m LPI=0.38 -> dark_sky
  [40/62] 美人林                          -> ? 十日町市 標高252m LPI=0.43 -> dark_sky
  [41/62] 福島潟                          -> ? 新潟市 標高0m LPI=2.90 -> dark_sky
  [42/62] 津南町・マウンテンパーク津南               -> ? 津南町 標高690m LPI=0.40 -> dark_sky
  [43/62] 佐渡島・白木峰展望台                   -> ? 佐渡市 標高27m LPI=0.21 -> dark_sky
  [44/62] 奥只見ダム                        -> ? 魚沼市 標高1205m LPI=0.19 -> dark_sky
  [45/62] 水窪ダム                         -> ? 浜松市 標高599m LPI=0.39 -> dark_sky
  [46/62] 細江奥山高原                       -> ? 浜松市 標高36m LPI=3.27 -> dark_sky
  [47/62] 西伊豆スカイライン（仁科峠）               -> ? 西伊豆町 標高702m LPI=0.63 -> dark_sky
  [48/62] 富士山吉原（雲海スポット）                -> ? 富士宮市 標高146m LPI=5.77 -> night_view
  [49/62] 段戸裏谷原生林 きららの森                -> ? 豊田市 標高757m LPI=1.17 -> dark_sky
  [50/62] つくで高原                        -> ? 新城市 標高577m LPI=1.88 -> dark_sky
  [51/62] 佐久島                          -> ? 西尾市 標高0m LPI=2.79 -> dark_sky
  [52/62] 面ノ木園地                        -> ? 根羽村 標高951m LPI=0.74 -> dark_sky
  [53/62] 恵那山ウェルネスキャンプ場                -> ? 中津川市 標高1447m LPI=0.72 -> dark_sky
  [54/62] 伊吹山ドライブウェイ（山頂駐車場）            -> ? 揖斐川町 標高1374m LPI=1.81 -> dark_sky
  [55/62] 池田山（展望台）                     -> ? 池田町 標高30m LPI=4.06 -> dark_sky
  [56/62] 乗鞍岳スカイライン（平湯峠）               -> ? 高山市 標高1896m LPI=0.35 -> dark_sky
  [57/62] 数河高原                         -> ? 飛驒市 標高1142m LPI=0.68 -> dark_sky
  [58/62] 能登半島・白米千枚田                   -> ? 輪島市 標高28m LPI=0.21 -> dark_sky
  [59/62] 能登・ヤセの断崖                     -> ? 志賀町 標高0m LPI=0.41 -> dark_sky
  [60/62] 獅子吼高原                        -> ? 金沢市 標高667m LPI=2.48 -> dark_sky
  [61/62] 有峰湖                          -> ? 富山市 標高1319m LPI=0.33 -> dark_sky
  [62/62] 黒部峡谷（欅平）                     -> ? 黒部市 標高700m LPI=0.29 -> dark_sky

完了: 62件をstargazing_spots.jsonのspots配列に追加しました(合計146件)。
