=== 富士山山頂 (緯度35.3606, 経度138.7274, 観測者標高3776m) ===
最大距離: 50.0km, 間隔: 100.0m, 大気差係数k=0.13
DEMデータセット: dem
出典: 国土地理院 (地理院タイル 標高タイル, cyberjapandata.gsi.go.jp)

  方位角   0° 処理中... (タイル取得: 新規23 / キャッシュ3 / 失敗0, 経過5.3秒)
  方位角  30° 処理中... (タイル取得: 新規202 / キャッシュ6 / 失敗0, 経過44.6秒)
  方位角  60° 処理中... (タイル取得: 新規373 / キャッシュ9 / 失敗0, 経過79.2秒)
  方位角  90° 処理中... (タイル取得: 新規536 / キャッシュ11 / 失敗0, 経過108.1秒)
  方位角 120° 処理中... (タイル取得: 新規713 / キャッシュ14 / 失敗0, 経過134.1秒)
  方位角 150° 処理中... (タイル取得: 新規882 / キャッシュ17 / 失敗0, 経過164.0秒)
  方位角 180° 処理中... (タイル取得: 新規1049 / キャッシュ20 / 失敗0, 経過190.3秒)
  方位角 210° 処理中... (タイル取得: 新規1218 / キャッシュ23 / 失敗0, 経過212.4秒)
  方位角 240° 処理中... (タイル取得: 新規1388 / キャッシュ26 / 失敗0, 経過242.3秒)
  方位角 270° 処理中... (タイル取得: 新規1558 / キャッシュ27 / 失敗0, 経過273.3秒)
  方位角 300° 処理中... (タイル取得: 新規1728 / キャッシュ29 / 失敗0, 経過306.3秒)
  方位角 330° 処理中... (タイル取得: 新規1900 / キャッシュ31 / 失敗0, 経過337.1秒)

完了。360点のプロファイルを horizon_fuji_50km.csv に出力しました。
タイル取得統計: 新規ダウンロード 2041件 / キャッシュ利用 31件 / 失敗 0件

--- 抜粋(30度刻み) ---
   方位角 |       地平線仰角(度) |    距離(m)
     0 |          -2.81 |    50000
    30 |          -3.07 |    49000
    60 |          -3.84 |    49300
    90 |          -4.47 |    49800
   120 |          -4.51 |    50000
   150 |          -4.24 |    50000
   180 |          -4.51 |    50000
   210 |          -4.27 |    50000
   240 |          -3.43 |    49600
   270 |          -2.39 |    46400
   300 |          -2.03 |    50000
   330 |          -3.96 |    50000
