=== 石廊崎 (緯度34.6028, 経度138.8453, 観測者標高60m) ===
最大距離: 50.0km, 間隔: 100.0m, 大気差係数k=0.13
DEMデータセット: dem
出典: 国土地理院 (地理院タイル 標高タイル, cyberjapandata.gsi.go.jp)

  方位角   0° 処理中... (タイル取得: 新規17 / キャッシュ9 / 失敗0, 経過3.5秒)
  方位角  30° 処理中... (タイル取得: 新規115 / キャッシュ73 / 失敗0, 経過21.9秒)
  方位角  60° 処理中... (タイル取得: 新規286 / キャッシュ73 / 失敗0, 経過43.1秒)
  方位角  90° 処理中... (タイル取得: 新規444 / キャッシュ73 / 失敗0, 経過59.1秒)
  方位角 120° 処理中... (タイル取得: 新規622 / キャッシュ73 / 失敗0, 経過76.7秒)
  方位角 150° 処理中... (タイル取得: 新規791 / キャッシュ73 / 失敗0, 経過93.8秒)
  方位角 180° 処理中... (タイル取得: 新規942 / キャッシュ73 / 失敗0, 経過108.1秒)
  方位角 210° 処理中... (タイル取得: 新規1128 / キャッシュ73 / 失敗0, 経過125.9秒)
  方位角 240° 処理中... (タイル取得: 新規1296 / キャッシュ73 / 失敗0, 経過141.6秒)
  方位角 270° 処理中... (タイル取得: 新規1465 / キャッシュ73 / 失敗0, 経過157.4秒)
  方位角 300° 処理中... (タイル取得: 新規1632 / キャッシュ73 / 失敗0, 経過173.3秒)
  方位角 330° 処理中... (タイル取得: 新規1781 / キャッシュ94 / 失敗0, 経過188.6秒)

完了。360点のプロファイルを horizon_irozaki_50km.csv に出力しました。
タイル取得統計: 新規ダウンロード 1849件 / キャッシュ利用 181件 / 失敗 0件

--- 抜粋(30度刻み) ---
   方位角 |       地平線仰角(度) |    距離(m)
     0 |           3.81 |     2200
    30 |           1.80 |    33300
    60 |          -0.01 |    12900
    90 |          -0.23 |    29600
   120 |           0.26 |    45600
   150 |          -0.23 |    29600
   180 |          -0.23 |    29600
   210 |          -0.23 |    29600
   240 |          -0.23 |    29600
   270 |          -0.23 |    29600
   300 |           1.61 |     1700
   330 |           4.86 |     2000
