=== 精進湖 他手合浜 (緯度35.4919, 経度138.6040, 観測者標高915m) ===
最大距離: 50.0km, 間隔: 100.0m, 大気差係数k=0.13
DEMデータセット: dem
出典: 国土地理院 (地理院タイル 標高タイル, cyberjapandata.gsi.go.jp)

  方位角   0° 処理中... (タイル取得: 新規8 / キャッシュ19 / 失敗0, 経過1.8秒)
  方位角  30° 処理中... (タイル取得: 新規80 / キャッシュ111 / 失敗0, 経過14.7秒)
  方位角  60° 処理中... (タイル取得: 新規100 / キャッシュ266 / 失敗0, 経過18.5秒)
  方位角  90° 処理中... (タイル取得: 新規100 / キャッシュ440 / 失敗0, 経過19.3秒)
  方位角 120° 処理中... (タイル取得: 新規100 / キャッシュ611 / 失敗0, 経過20.0秒)
  方位角 150° 処理中... (タイル取得: 新規100 / キャッシュ784 / 失敗0, 経過20.8秒)
  方位角 180° 処理中... (タイル取得: 新規100 / キャッシュ940 / 失敗0, 経過21.3秒)
  方位角 210° 処理中... (タイル取得: 新規100 / キャッシュ1129 / 失敗0, 経過22.0秒)
  方位角 240° 処理中... (タイル取得: 新規114 / キャッシュ1287 / 失敗0, 経過25.2秒)
  方位角 270° 処理中... (タイル取得: 新規174 / キャッシュ1391 / 失敗0, 経過36.2秒)
  方位角 300° 処理中... (タイル取得: 新規269 / キャッシュ1479 / 失敗0, 経過51.4秒)
  方位角 330° 処理中... (タイル取得: 新規371 / キャッシュ1551 / 失敗0, 経過68.3秒)

完了。360点のプロファイルを horizon_shojiko_50km.csv に出力しました。
タイル取得統計: 新規ダウンロード 462件 / キャッシュ利用 1616件 / 失敗 0件

--- 抜粋(30度刻み) ---
   方位角 |       地平線仰角(度) |    距離(m)
     0 |          23.85 |      300
    30 |          26.33 |      200
    60 |          19.54 |      100
    90 |          10.91 |     1200
   120 |           1.86 |     9300
   150 |           4.17 |    17900
   180 |           7.73 |     1400
   210 |          18.01 |     1200
   240 |          20.88 |      600
   270 |          20.21 |      800
   300 |          18.44 |      900
   330 |          18.88 |     1000
