=== 富士山須走口五合目 (緯度35.3649, 経度138.7771, 観測者標高1975m) ===
最大距離: 50.0km, 間隔: 100.0m, 大気差係数k=0.13
DEMデータセット: dem
出典: 国土地理院 (地理院タイル 標高タイル, cyberjapandata.gsi.go.jp)

  方位角   0° 処理中... (タイル取得: 新規0 / キャッシュ26 / 失敗0, 経過0.1秒)
  方位角  30° 処理中... (タイル取得: 新規12 / キャッシュ203 / 失敗0, 経過3.9秒)
  方位角  60° 処理中... (タイル取得: 新規35 / キャッシュ352 / 失敗0, 経過8.3秒)
  方位角  90° 処理中... (タイル取得: 新規62 / キャッシュ495 / 失敗0, 経過14.1秒)
  方位角 120° 処理中... (タイル取得: 新規86 / キャッシュ641 / 失敗0, 経過17.4秒)
  方位角 150° 処理中... (タイル取得: 新規105 / キャッシュ794 / 失敗0, 経過20.1秒)
  方位角 180° 処理中... (タイル取得: 新規111 / キャッシュ967 / 失敗0, 経過21.9秒)
  方位角 210° 処理中... (タイル取得: 新規111 / キャッシュ1133 / 失敗0, 経過22.7秒)
  方位角 240° 処理中... (タイル取得: 新規111 / キャッシュ1305 / 失敗0, 経過23.6秒)
  方位角 270° 処理中... (タイル取得: 新規111 / キャッシュ1470 / 失敗0, 経過24.4秒)
  方位角 300° 処理中... (タイル取得: 新規111 / キャッシュ1649 / 失敗0, 経過25.2秒)
  方位角 330° 処理中... (タイル取得: 新規111 / キャッシュ1822 / 失敗0, 経過26.1秒)

完了。360点のプロファイルを horizon_subashiri5_50km.csv に出力しました。
タイル取得統計: 新規ダウンロード 111件 / キャッシュ利用 1957件 / 失敗 0件

--- 抜粋(30度刻み) ---
   方位角 |       地平線仰角(度) |    距離(m)
     0 |           9.11 |      200
    30 |           2.51 |      100
    60 |          -1.31 |    30600
    90 |          -2.45 |    50000
   120 |          -2.27 |    26800
   150 |          -1.89 |    47800
   180 |           2.67 |      200
   210 |           9.86 |      200
   240 |          16.58 |     2400
   270 |          23.67 |     3800
   300 |          17.31 |      200
   330 |          15.48 |      200
