=== いすみ鉄道 踏切 (緯度35.2826, 経度140.2972, 観測者標高18m) ===
最大距離: 50.0km, 間隔: 100.0m, 大気差係数k=0.13
DEMデータセット: dem
出典: 国土地理院 (地理院タイル 標高タイル, cyberjapandata.gsi.go.jp)

  方位角   0° 処理中... (タイル取得: 新規25 / キャッシュ1 / 失敗0, 経過5.1秒)
  方位角  30° 処理中... (タイル取得: 新規192 / キャッシュ1 / 失敗0, 経過33.1秒)
  方位角  60° 処理中... (タイル取得: 新規366 / キャッシュ1 / 失敗0, 経過49.9秒)
  方位角  90° 処理中... (タイル取得: 新規526 / キャッシュ1 / 失敗0, 経過65.0秒)
  方位角 120° 処理中... (タイル取得: 新規710 / キャッシュ1 / 失敗0, 経過82.8秒)
  方位角 150° 処理中... (タイル取得: 新規880 / キャッシュ1 / 失敗0, 経過99.7秒)
  方位角 180° 処理中... (タイル取得: 新規1035 / キャッシュ1 / 失敗0, 経過114.9秒)
  方位角 210° 処理中... (タイル取得: 新規1218 / キャッシュ1 / 失敗0, 経過134.8秒)
  方位角 240° 処理中... (タイル取得: 新規1392 / キャッシュ1 / 失敗0, 経過164.7秒)
  方位角 270° 処理中... (タイル取得: 新規1568 / キャッシュ1 / 失敗0, 経過194.4秒)
  方位角 300° 処理中... (タイル取得: 新規1732 / キャッシュ1 / 失敗0, 経過219.9秒)
  方位角 330° 処理中... (タイル取得: 新規1905 / キャッシュ1 / 失敗0, 経過244.3秒)

完了。360点のプロファイルを horizon_isumi_50km.csv に出力しました。
タイル取得統計: 新規ダウンロード 2062件 / キャッシュ利用 1件 / 失敗 0件

--- 抜粋(30度刻み) ---
   方位角 |       地平線仰角(度) |    距離(m)
     0 |           2.43 |     1000
    30 |           1.71 |      600
    60 |           0.54 |     3000
    90 |           0.80 |     3600
   120 |           1.54 |     1900
   150 |           2.32 |     1900
   180 |           3.38 |      700
   210 |           2.18 |     2800
   240 |           1.88 |     2500
   270 |           1.68 |      700
   300 |           3.08 |      700
   330 |           1.61 |     2000
