=== 八ヶ岳南麓天文台 (緯度35.8827, 経度138.3644, 観測者標高1060m) ===
最大距離: 50.0km, 間隔: 100.0m, 大気差係数k=0.13
DEMデータセット: dem
出典: 国土地理院 (地理院タイル 標高タイル, cyberjapandata.gsi.go.jp)

  方位角   0° 処理中... (タイル取得: 新規25 / キャッシュ2 / 失敗0, 経過4.6秒)
  方位角  30° 処理中... (タイル取得: 新規193 / キャッシュ3 / 失敗0, 経過34.6秒)
  方位角  60° 処理中... (タイル取得: 新規363 / キャッシュ10 / 失敗0, 経過65.5秒)
  方位角  90° 処理中... (タイル取得: 新規463 / キャッシュ84 / 失敗0, 経過84.4秒)
  方位角 120° 処理中... (タイル取得: 新規463 / キャッシュ260 / 失敗0, 経過85.1秒)
  方位角 150° 処理中... (タイル取得: 新規463 / キャッシュ433 / 失敗0, 経過85.8秒)
  方位角 180° 処理中... (タイル取得: 新規463 / キャッシュ592 / 失敗0, 経過86.3秒)
  方位角 210° 処理中... (タイル取得: 新規463 / キャッシュ779 / 失敗0, 経過86.9秒)
  方位角 240° 処理中... (タイル取得: 新規548 / キャッシュ868 / 失敗0, 経過102.9秒)
  方位角 270° 処理中... (タイル取得: 新規712 / キャッシュ872 / 失敗0, 経過130.9秒)
  方位角 300° 処理中... (タイル取得: 新規893 / キャッシュ873 / 失敗0, 経過160.3秒)
  方位角 330° 処理中... (タイル取得: 新規1068 / キャッシュ873 / 失敗0, 経過192.9秒)

完了。360点のプロファイルを horizon_yatsugatake_50km.csv に出力しました。
タイル取得統計: 新規ダウンロード 1223件 / キャッシュ利用 873件 / 失敗 0件

--- 抜粋(30度刻み) ---
   方位角 |       地平線仰角(度) |    距離(m)
     0 |          12.89 |     6500
    30 |           6.87 |      200
    60 |           3.91 |      400
    90 |           3.08 |    25100
   120 |           1.62 |    17800
   150 |           0.19 |    48000
   180 |           2.02 |    22000
   210 |           4.30 |    19600
   240 |           3.36 |    13100
   270 |           2.73 |    16900
   300 |           4.24 |      400
   330 |           6.95 |     4700
