=== 阿智村 ヘブンスそのはら付近 (緯度35.4562, 経度137.6332, 観測者標高1600m) ===
最大距離: 50.0km, 間隔: 100.0m, 大気差係数k=0.13
DEMデータセット: dem
出典: 国土地理院 (地理院タイル 標高タイル, cyberjapandata.gsi.go.jp)

  方位角   0° 処理中... (タイル取得: 新規25 / キャッシュ1 / 失敗0, 経過5.9秒)
  方位角  30° 処理中... (タイル取得: 新規179 / キャッシュ33 / 失敗0, 経過37.9秒)
  方位角  60° 処理中... (タイル取得: 新規242 / キャッシュ144 / 失敗0, 経過51.6秒)
  方位角  90° 処理中... (タイル取得: 新規323 / キャッシュ236 / 失敗0, 経過68.7秒)
  方位角 120° 処理中... (タイル取得: 新規442 / キャッシュ285 / 失敗0, 経過93.2秒)
  方位角 150° 処理中... (タイル取得: 新規616 / キャッシュ285 / 失敗0, 経過128.3秒)
  方位角 180° 処理中... (タイル取得: 新規793 / キャッシュ285 / 失敗0, 経過163.9秒)
  方位角 210° 処理中... (タイル取得: 新規962 / キャッシュ285 / 失敗0, 経過196.1秒)
  方位角 240° 処理中... (タイル取得: 新規1133 / キャッシュ285 / 失敗0, 経過228.8秒)
  方位角 270° 処理中... (タイル取得: 新規1296 / キャッシュ285 / 失敗0, 経過260.6秒)
  方位角 300° 処理中... (タイル取得: 新規1479 / キャッシュ285 / 失敗0, 経過295.8秒)
  方位角 330° 処理中... (タイル取得: 新規1651 / キャッシュ285 / 失敗0, 経過328.7秒)

完了。360点のプロファイルを horizon_achi_50km.csv に出力しました。
タイル取得統計: 新規ダウンロード 1787件 / キャッシュ利用 285件 / 失敗 0件

--- 抜粋(30度刻み) ---
   方位角 |       地平線仰角(度) |    距離(m)
     0 |           1.38 |     2500
    30 |           1.97 |    31500
    60 |           0.11 |    47500
    90 |           1.45 |    47400
   120 |           0.51 |    40100
   150 |          -0.68 |    47400
   180 |           2.88 |     6400
   210 |           5.29 |     2900
   240 |           9.41 |     3400
   270 |           3.51 |     2700
   300 |           2.04 |      200
   330 |           2.48 |      800
